// Jest Snapshot v1, https://goo.gl/fbAQLP

exports[`Pruebas en el componente <GridGifItem /> Debe mostrar el componente correctamente  1`] = `
<div
  className="card"
>
  <img
    alt="titulo"
    src="http://localhost/image.jpg"
  />
  <p>
    titulo
  </p>
</div>
`;
