// Jest Snapshot v1, https://goo.gl/fbAQLP

exports[`Pruebas en el componente <GridGif /> Debe mostrar el componente correctamente  1`] = `
<Fragment>
  <h3>
    titulo
  </h3>
  <p>
    Cargando...
  </p>
  <div
    className="card-grid"
  />
</Fragment>
`;
